{"timestamp":"2026-06-05T02:34:53.751569873+00:00","method":"tools/list","request_id":1,"params_redacted":null,"result_class":"ok","latency_us":3087}
{"timestamp":"2026-06-05T02:34:53.751941478+00:00","method":"tools/list","request_id":2,"params_redacted":null,"result_class":"ok","latency_us":155}
{"timestamp":"2026-06-05T02:34:53.752217673+00:00","method":"tools/list","request_id":3,"params_redacted":null,"result_class":"ok","latency_us":141}
{"timestamp":"2026-06-05T02:34:53.752345949+00:00","method":"<parse_error>","request_id":null,"params_redacted":null,"result_class":"parse_error","latency_us":22}
{"timestamp":"2026-06-05T02:38:14.810869185+00:00","method":"tools/list","request_id":99,"params_redacted":null,"result_class":"ok","latency_us":4285}
{"timestamp":"2026-06-05T02:41:53.719573264+00:00","method":"fs.read","request_id":1,"params_redacted":{},"result_class":"invalid_params","latency_us":4407}
{"timestamp":"2026-06-05T02:41:53.719605795+00:00","method":"system.status","request_id":1,"params_redacted":{"unexpected":"field"},"result_class":"invalid_params","latency_us":4597}
{"timestamp":"2026-06-05T02:41:53.719622285+00:00","method":"fs.delete","request_id":1,"params_redacted":{"path":"<redacted:/tmp>"},"result_class":"cow_required","latency_us":4199}
{"timestamp":"2026-06-05T02:41:53.719681401+00:00","method":"fs.read","request_id":1,"params_redacted":{"path":"<redacted:/etc/hosts\u0000>"},"result_class":"err","latency_us":4734}
{"timestamp":"2026-06-05T02:41:53.720821110+00:00","method":"fs.list","request_id":1,"params_redacted":{"path":"<redacted:/etc>"},"result_class":"ok","latency_us":5916}
{"timestamp":"2026-06-05T02:41:53.721121811+00:00","method":"fs.read","request_id":1,"params_redacted":{"binary":true,"path":"<redacted:/etc>"},"result_class":"invalid_params","latency_us":3906}
{"timestamp":"2026-06-05T02:41:53.730224818+00:00","method":"fs.read","request_id":1,"params_redacted":{"path":"<redacted:/tmp>"},"result_class":"ok","latency_us":4344}
{"timestamp":"2026-06-05T02:41:53.730454375+00:00","method":"fs.stat","request_id":1,"params_redacted":{"path":"<redacted:/etc>"},"result_class":"ok","latency_us":4072}
{"timestamp":"2026-06-05T02:41:53.730728684+00:00","method":"fs.read","request_id":1,"params_redacted":{"path":"<redacted:/boot>"},"result_class":"err","latency_us":4157}
{"timestamp":"2026-06-05T02:41:53.730726883+00:00","method":"fs.write","request_id":1,"params_redacted":{"path":"<redacted:/tmp>"},"result_class":"invalid_params","latency_us":4109}
{"timestamp":"2026-06-05T02:41:53.733271498+00:00","method":"fs.write","request_id":1,"params_redacted":{"content":"<redacted:1 bytes>","path":"<redacted:/etc>"},"result_class":"cow_required","latency_us":2853}
{"timestamp":"2026-06-05T02:41:53.734583802+00:00","method":"fs.read","request_id":1,"params_redacted":{"path":"<redacted:etc/hosts>"},"result_class":"err","latency_us":4033}
{"timestamp":"2026-06-05T02:41:53.738146009+00:00","method":"<parse_error>","request_id":null,"params_redacted":null,"result_class":"parse_error","latency_us":26}
{"timestamp":"2026-06-05T02:41:53.739071763+00:00","method":"fs.write","request_id":1,"params_redacted":{"content":"<redacted:1 bytes>","path":"<redacted:/boot>"},"result_class":"err","latency_us":3464}
{"timestamp":"2026-06-05T02:41:53.739959499+00:00","method":"fs.read","request_id":1,"params_redacted":{"path":"<redacted:/boot/grub>"},"result_class":"err","latency_us":4323}
{"timestamp":"2026-06-05T02:41:53.740041206+00:00","method":"fs.write","request_id":1,"params_redacted":{"content":"<redacted:1 bytes>","mode":99999,"path":"<redacted:/tmp>"},"result_class":"invalid_params","latency_us":4088}
{"timestamp":"2026-06-05T02:41:53.743498156+00:00","method":"network.dns.read","request_id":1,"params_redacted":null,"result_class":"err","latency_us":3894}
{"timestamp":"2026-06-05T02:41:53.745268055+00:00","method":"network.status","request_id":1,"params_redacted":{"verbose":true},"result_class":"invalid_params","latency_us":3972}
{"timestamp":"2026-06-05T02:41:53.747230238+00:00","method":"network.status","request_id":1,"params_redacted":null,"result_class":"ok","latency_us":4090}
{"timestamp":"2026-06-05T02:41:53.747518496+00:00","method":"package.install","request_id":1,"params_redacted":{"package":"nginx; rm -rf /"},"result_class":"invalid_params","latency_us":3980}
{"timestamp":"2026-06-05T02:41:53.748096985+00:00","method":"package.install","request_id":1,"params_redacted":{"package":"Nginx"},"result_class":"invalid_params","latency_us":3019}
{"timestamp":"2026-06-05T02:41:53.750466008+00:00","method":"package.install","request_id":1,"params_redacted":{"package":"nginx"},"result_class":"cow_required","latency_us":4134}
{"timestamp":"2026-06-05T02:41:53.754308777+00:00","method":"package.remove","request_id":1,"params_redacted":{"package":"nginx"},"result_class":"cow_required","latency_us":3921}
{"timestamp":"2026-06-05T02:41:53.754533806+00:00","method":"package.upgrade","request_id":1,"params_redacted":{"package":"nginx"},"result_class":"cow_required","latency_us":29}
{"timestamp":"2026-06-05T02:41:53.755282077+00:00","method":"package.query","request_id":1,"params_redacted":{"pattern":"bash"},"result_class":"err","latency_us":5509}
{"timestamp":"2026-06-05T02:41:53.756574449+00:00","method":"process.inspect","request_id":1,"params_redacted":{},"result_class":"invalid_params","latency_us":3032}
{"timestamp":"2026-06-05T02:41:53.758116264+00:00","method":"process.inspect","request_id":1,"params_redacted":{"pid":"not-an-integer"},"result_class":"invalid_params","latency_us":4294}
{"timestamp":"2026-06-05T02:41:53.760905129+00:00","method":"tools/list","request_id":1,"params_redacted":null,"result_class":"ok","latency_us":4233}
{"timestamp":"2026-06-05T02:41:53.763626437+00:00","method":"service.start","request_id":1,"params_redacted":{},"result_class":"invalid_params","latency_us":3801}
{"timestamp":"2026-06-05T02:41:53.764876843+00:00","method":"service.start","request_id":1,"params_redacted":{"unit":"nginx; rm -rf /"},"result_class":"invalid_params","latency_us":4334}
{"timestamp":"2026-06-05T02:41:53.765155077+00:00","method":"process.list","request_id":1,"params_redacted":null,"result_class":"ok","latency_us":10198}
{"timestamp":"2026-06-05T02:41:53.768920039+00:00","method":"tools/list","request_id":1,"params_redacted":null,"result_class":"ok","latency_us":5144}
{"timestamp":"2026-06-05T02:41:53.770275974+00:00","method":"system.status","request_id":1,"params_redacted":null,"result_class":"ok","latency_us":4183}
{"timestamp":"2026-06-05T02:41:53.772912078+00:00","method":"tools/list","request_id":1,"params_redacted":null,"result_class":"ok","latency_us":2917}
{"timestamp":"2026-06-05T02:41:53.774519841+00:00","method":"tools/list","request_id":1,"params_redacted":null,"result_class":"ok","latency_us":4636}
{"timestamp":"2026-06-05T02:41:53.775220286+00:00","method":"tools/list","request_id":1,"params_redacted":null,"result_class":"ok","latency_us":3494}
{"timestamp":"2026-06-05T02:41:53.775954205+00:00","method":"service.start","request_id":1,"params_redacted":{"unit":"cron.service"},"result_class":"err","latency_us":12952}
{"timestamp":"2026-06-05T02:41:53.776472704+00:00","method":"does.not.exist","request_id":7,"params_redacted":null,"result_class":"method_not_found","latency_us":21}
{"timestamp":"2026-06-05T02:41:53.778233302+00:00","method":"tools/list","request_id":3,"params_redacted":null,"result_class":"invalid_params","latency_us":6}
{"timestamp":"2026-06-05T04:21:56.461471581+00:00","method":"fs.read","request_id":1,"params_redacted":{},"result_class":"invalid_params","latency_us":4301}
{"timestamp":"2026-06-05T04:21:56.462017120+00:00","method":"fs.delete","request_id":1,"params_redacted":{"path":"<redacted:/tmp>"},"result_class":"cow_required","latency_us":3162}
{"timestamp":"2026-06-05T04:21:56.462019112+00:00","method":"system.status","request_id":1,"params_redacted":{"unexpected":"field"},"result_class":"invalid_params","latency_us":4219}
{"timestamp":"2026-06-05T04:21:56.463602219+00:00","method":"fs.read","request_id":1,"params_redacted":{"binary":true,"path":"<redacted:/etc>"},"result_class":"invalid_params","latency_us":4226}
{"timestamp":"2026-06-05T04:21:56.466708146+00:00","method":"fs.read","request_id":1,"params_redacted":{"path":"<redacted:/etc/hosts\u0000>"},"result_class":"err","latency_us":4180}
{"timestamp":"2026-06-05T04:21:56.467418520+00:00","method":"fs.list","request_id":1,"params_redacted":{"path":"<redacted:/etc>"},"result_class":"ok","latency_us":4859}
{"timestamp":"2026-06-05T04:21:56.471034442+00:00","method":"fs.read","request_id":1,"params_redacted":{"path":"<redacted:/boot>"},"result_class":"err","latency_us":4012}
{"timestamp":"2026-06-05T04:21:56.471112511+00:00","method":"fs.read","request_id":1,"params_redacted":{"path":"<redacted:/tmp>"},"result_class":"ok","latency_us":3076}
{"timestamp":"2026-06-05T04:21:56.471894148+00:00","method":"fs.read","request_id":1,"params_redacted":{"path":"<redacted:etc/hosts>"},"result_class":"err","latency_us":3970}
{"timestamp":"2026-06-05T04:21:56.472791757+00:00","method":"fs.stat","request_id":1,"params_redacted":{"path":"<redacted:/etc>"},"result_class":"ok","latency_us":3645}
{"timestamp":"2026-06-05T04:21:56.474533589+00:00","method":"fs.write","request_id":1,"params_redacted":{"path":"<redacted:/tmp>"},"result_class":"invalid_params","latency_us":2876}
{"timestamp":"2026-06-05T04:21:56.478465187+00:00","method":"fs.write","request_id":1,"params_redacted":{"content":"<redacted:1 bytes>","path":"<redacted:/etc>"},"result_class":"cow_required","latency_us":3755}
{"timestamp":"2026-06-05T04:21:56.479068273+00:00","method":"<parse_error>","request_id":null,"params_redacted":null,"result_class":"parse_error","latency_us":42}
{"timestamp":"2026-06-05T04:21:56.481151196+00:00","method":"fs.write","request_id":1,"params_redacted":{"content":"<redacted:1 bytes>","mode":99999,"path":"<redacted:/tmp>"},"result_class":"invalid_params","latency_us":4144}
{"timestamp":"2026-06-05T04:21:56.481898409+00:00","method":"fs.read","request_id":1,"params_redacted":{"path":"<redacted:/boot/grub>"},"result_class":"err","latency_us":3031}
{"timestamp":"2026-06-05T04:21:56.482131680+00:00","method":"fs.write","request_id":1,"params_redacted":{"content":"<redacted:1 bytes>","path":"<redacted:/boot>"},"result_class":"err","latency_us":4030}
{"timestamp":"2026-06-05T04:21:56.484487226+00:00","method":"network.dns.read","request_id":1,"params_redacted":null,"result_class":"err","latency_us":3279}
{"timestamp":"2026-06-05T04:21:56.489975206+00:00","method":"network.status","request_id":1,"params_redacted":{"verbose":true},"result_class":"invalid_params","latency_us":3689}
{"timestamp":"2026-06-05T04:21:56.491202843+00:00","method":"network.status","request_id":1,"params_redacted":null,"result_class":"ok","latency_us":4381}
{"timestamp":"2026-06-05T04:21:56.491252213+00:00","method":"package.install","request_id":1,"params_redacted":{"package":"Nginx"},"result_class":"invalid_params","latency_us":3478}
{"timestamp":"2026-06-05T04:21:56.491826259+00:00","method":"package.install","request_id":1,"params_redacted":{"package":"nginx"},"result_class":"cow_required","latency_us":3938}
{"timestamp":"2026-06-05T04:21:56.492082108+00:00","method":"package.install","request_id":1,"params_redacted":{"package":"nginx; rm -rf /"},"result_class":"invalid_params","latency_us":4065}
{"timestamp":"2026-06-05T04:21:56.494346088+00:00","method":"package.query","request_id":1,"params_redacted":{"pattern":"bash"},"result_class":"err","latency_us":4683}
{"timestamp":"2026-06-05T04:21:56.500680475+00:00","method":"process.inspect","request_id":1,"params_redacted":{},"result_class":"invalid_params","latency_us":4197}
{"timestamp":"2026-06-05T04:21:56.500854708+00:00","method":"process.inspect","request_id":1,"params_redacted":{"pid":"not-an-integer"},"result_class":"invalid_params","latency_us":4132}
{"timestamp":"2026-06-05T04:21:56.501979975+00:00","method":"service.start","request_id":1,"params_redacted":{"unit":"nginx; rm -rf /"},"result_class":"invalid_params","latency_us":2703}
{"timestamp":"2026-06-05T04:21:56.503235707+00:00","method":"tools/list","request_id":1,"params_redacted":null,"result_class":"ok","latency_us":4181}
{"timestamp":"2026-06-05T04:21:56.503761937+00:00","method":"package.remove","request_id":1,"params_redacted":{"package":"nginx"},"result_class":"cow_required","latency_us":5112}
{"timestamp":"2026-06-05T04:21:56.503966595+00:00","method":"package.upgrade","request_id":1,"params_redacted":{"package":"nginx"},"result_class":"cow_required","latency_us":29}
{"timestamp":"2026-06-05T04:21:56.506263022+00:00","method":"process.list","request_id":1,"params_redacted":null,"result_class":"ok","latency_us":8447}
{"timestamp":"2026-06-05T04:21:56.510488372+00:00","method":"service.start","request_id":1,"params_redacted":{},"result_class":"invalid_params","latency_us":3596}
{"timestamp":"2026-06-05T04:21:56.511766468+00:00","method":"tools/list","request_id":1,"params_redacted":null,"result_class":"ok","latency_us":3876}
{"timestamp":"2026-06-05T04:21:56.514367044+00:00","method":"tools/list","request_id":1,"params_redacted":null,"result_class":"ok","latency_us":3918}
{"timestamp":"2026-06-05T04:21:56.514647758+00:00","method":"system.status","request_id":1,"params_redacted":null,"result_class":"ok","latency_us":4185}
{"timestamp":"2026-06-05T04:21:56.516327626+00:00","method":"tools/list","request_id":1,"params_redacted":null,"result_class":"ok","latency_us":4427}
{"timestamp":"2026-06-05T04:21:56.517198026+00:00","method":"does.not.exist","request_id":7,"params_redacted":null,"result_class":"method_not_found","latency_us":32}
{"timestamp":"2026-06-05T04:21:56.519950483+00:00","method":"service.start","request_id":1,"params_redacted":{"unit":"cron.service"},"result_class":"err","latency_us":14002}
{"timestamp":"2026-06-05T04:21:56.520720110+00:00","method":"tools/list","request_id":1,"params_redacted":null,"result_class":"ok","latency_us":4412}
{"timestamp":"2026-06-05T04:21:56.520824244+00:00","method":"tools/list","request_id":3,"params_redacted":null,"result_class":"invalid_params","latency_us":9}
{"timestamp":"2026-06-05T04:36:49.184155977+00:00","method":"system.status","request_id":1,"params_redacted":{"unexpected":"field"},"result_class":"invalid_params","latency_us":4539}
{"timestamp":"2026-06-05T04:36:49.184173816+00:00","method":"fs.read","request_id":1,"params_redacted":{},"result_class":"invalid_params","latency_us":4470}
{"timestamp":"2026-06-05T04:36:49.185407376+00:00","method":"fs.list","request_id":1,"params_redacted":{"path":"<redacted:/etc>"},"result_class":"ok","latency_us":5671}
{"timestamp":"2026-06-05T04:36:49.186455502+00:00","method":"fs.read","request_id":1,"params_redacted":{"path":"<redacted:/etc/hosts\u0000>"},"result_class":"err","latency_us":3474}
{"timestamp":"2026-06-05T04:36:49.188593701+00:00","method":"fs.delete","request_id":1,"params_redacted":{"path":"<redacted:/tmp>"},"result_class":"cow_required","latency_us":4006}
{"timestamp":"2026-06-05T04:36:49.188976224+00:00","method":"fs.read","request_id":1,"params_redacted":{"binary":true,"path":"<redacted:/etc>"},"result_class":"invalid_params","latency_us":4283}
{"timestamp":"2026-06-05T04:36:49.192801946+00:00","method":"fs.read","request_id":1,"params_redacted":{"path":"<redacted:etc/hosts>"},"result_class":"err","latency_us":2792}
{"timestamp":"2026-06-05T04:36:49.193134769+00:00","method":"fs.read","request_id":1,"params_redacted":{"path":"<redacted:/boot>"},"result_class":"err","latency_us":3146}
{"timestamp":"2026-06-05T04:36:49.196189524+00:00","method":"fs.read","request_id":1,"params_redacted":{"path":"<redacted:/tmp>"},"result_class":"ok","latency_us":3741}
{"timestamp":"2026-06-05T04:36:49.196705425+00:00","method":"fs.stat","request_id":1,"params_redacted":{"path":"<redacted:/etc>"},"result_class":"ok","latency_us":2686}
{"timestamp":"2026-06-05T04:36:49.201341707+00:00","method":"fs.write","request_id":1,"params_redacted":{"path":"<redacted:/tmp>"},"result_class":"invalid_params","latency_us":4390}
{"timestamp":"2026-06-05T04:36:49.201398834+00:00","method":"fs.write","request_id":1,"params_redacted":{"content":"<redacted:1 bytes>","path":"<redacted:/boot>"},"result_class":"err","latency_us":3016}
{"timestamp":"2026-06-05T04:36:49.201631822+00:00","method":"fs.write","request_id":1,"params_redacted":{"content":"<redacted:1 bytes>","path":"<redacted:/etc>"},"result_class":"cow_required","latency_us":3233}
{"timestamp":"2026-06-05T04:36:49.202561307+00:00","method":"<parse_error>","request_id":null,"params_redacted":null,"result_class":"parse_error","latency_us":26}
{"timestamp":"2026-06-05T04:36:49.203205531+00:00","method":"fs.write","request_id":1,"params_redacted":{"content":"<redacted:1 bytes>","mode":99999,"path":"<redacted:/tmp>"},"result_class":"invalid_params","latency_us":3834}
{"timestamp":"2026-06-05T04:36:49.205334618+00:00","method":"fs.read","request_id":1,"params_redacted":{"path":"<redacted:/boot/grub>"},"result_class":"err","latency_us":3326}
{"timestamp":"2026-06-05T04:36:49.210256859+00:00","method":"network.status","request_id":1,"params_redacted":{"verbose":true},"result_class":"invalid_params","latency_us":2996}
{"timestamp":"2026-06-05T04:36:49.211302075+00:00","method":"network.status","request_id":1,"params_redacted":null,"result_class":"ok","latency_us":3895}
{"timestamp":"2026-06-05T04:36:49.211829395+00:00","method":"package.install","request_id":1,"params_redacted":{"package":"nginx; rm -rf /"},"result_class":"invalid_params","latency_us":4391}
{"timestamp":"2026-06-05T04:36:49.211846094+00:00","method":"network.dns.read","request_id":1,"params_redacted":null,"result_class":"err","latency_us":4153}
{"timestamp":"2026-06-05T04:36:49.212847889+00:00","method":"package.install","request_id":1,"params_redacted":{"package":"Nginx"},"result_class":"invalid_params","latency_us":3133}
{"timestamp":"2026-06-05T04:36:49.214560080+00:00","method":"package.install","request_id":1,"params_redacted":{"package":"nginx"},"result_class":"cow_required","latency_us":4154}
{"timestamp":"2026-06-05T04:36:49.220550067+00:00","method":"process.inspect","request_id":1,"params_redacted":{},"result_class":"invalid_params","latency_us":2976}
{"timestamp":"2026-06-05T04:36:49.220899204+00:00","method":"package.query","request_id":1,"params_redacted":{"pattern":"bash"},"result_class":"err","latency_us":3638}
{"timestamp":"2026-06-05T04:36:49.221527334+00:00","method":"package.remove","request_id":1,"params_redacted":{"package":"nginx"},"result_class":"cow_required","latency_us":4095}
{"timestamp":"2026-06-05T04:36:49.221715426+00:00","method":"package.upgrade","request_id":1,"params_redacted":{"package":"nginx"},"result_class":"cow_required","latency_us":25}
{"timestamp":"2026-06-05T04:36:49.222108057+00:00","method":"process.inspect","request_id":1,"params_redacted":{"pid":"not-an-integer"},"result_class":"invalid_params","latency_us":4415}
{"timestamp":"2026-06-05T04:36:49.225608294+00:00","method":"tools/list","request_id":1,"params_redacted":null,"result_class":"ok","latency_us":4899}
{"timestamp":"2026-06-05T04:36:49.228007393+00:00","method":"process.list","request_id":1,"params_redacted":null,"result_class":"ok","latency_us":9980}
{"timestamp":"2026-06-05T04:36:49.229537749+00:00","method":"service.start","request_id":1,"params_redacted":{"unit":"nginx; rm -rf /"},"result_class":"invalid_params","latency_us":3748}
{"timestamp":"2026-06-05T04:36:49.230521816+00:00","method":"service.start","request_id":1,"params_redacted":{},"result_class":"invalid_params","latency_us":4010}
{"timestamp":"2026-06-05T04:36:49.232648962+00:00","method":"tools/list","request_id":1,"params_redacted":null,"result_class":"ok","latency_us":3962}
{"timestamp":"2026-06-05T04:36:49.235806881+00:00","method":"system.status","request_id":1,"params_redacted":null,"result_class":"ok","latency_us":4261}
{"timestamp":"2026-06-05T04:36:49.239220166+00:00","method":"tools/list","request_id":1,"params_redacted":null,"result_class":"ok","latency_us":3276}
{"timestamp":"2026-06-05T04:36:49.239449520+00:00","method":"does.not.exist","request_id":7,"params_redacted":null,"result_class":"method_not_found","latency_us":21}
{"timestamp":"2026-06-05T04:36:49.239680493+00:00","method":"tools/list","request_id":1,"params_redacted":null,"result_class":"ok","latency_us":3986}
{"timestamp":"2026-06-05T04:36:49.240020834+00:00","method":"tools/list","request_id":1,"params_redacted":null,"result_class":"ok","latency_us":5522}
{"timestamp":"2026-06-05T04:36:49.240679265+00:00","method":"service.start","request_id":1,"params_redacted":{"unit":"cron.service"},"result_class":"err","latency_us":13472}
{"timestamp":"2026-06-05T04:36:49.241403484+00:00","method":"tools/list","request_id":3,"params_redacted":null,"result_class":"invalid_params","latency_us":16}
{"timestamp":"2026-06-05T04:39:16.984935021+00:00","method":"fs.read","request_id":1,"params_redacted":{},"result_class":"invalid_params","latency_us":3781}
{"timestamp":"2026-06-05T04:39:16.988143794+00:00","method":"fs.read","request_id":1,"params_redacted":{"path":"<redacted:/etc/hosts\u0000>"},"result_class":"err","latency_us":2774}
{"timestamp":"2026-06-05T04:39:16.988218200+00:00","method":"fs.delete","request_id":1,"params_redacted":{"path":"<redacted:/tmp>"},"result_class":"cow_required","latency_us":4410}
{"timestamp":"2026-06-05T04:39:16.989487196+00:00","method":"system.status","request_id":1,"params_redacted":{"unexpected":"field"},"result_class":"invalid_params","latency_us":3020}
{"timestamp":"2026-06-05T04:39:16.990538877+00:00","method":"fs.list","request_id":1,"params_redacted":{"path":"<redacted:/etc>"},"result_class":"ok","latency_us":5083}
{"timestamp":"2026-06-05T04:39:16.993441628+00:00","method":"fs.read","request_id":1,"params_redacted":{"binary":true,"path":"<redacted:/etc>"},"result_class":"invalid_params","latency_us":4516}
{"timestamp":"2026-06-05T04:39:16.994900580+00:00","method":"fs.read","request_id":1,"params_redacted":{"path":"<redacted:/boot>"},"result_class":"err","latency_us":3861}
{"timestamp":"2026-06-05T04:39:16.998108006+00:00","method":"fs.read","request_id":1,"params_redacted":{"path":"<redacted:etc/hosts>"},"result_class":"err","latency_us":3573}
{"timestamp":"2026-06-05T04:39:16.999277398+00:00","method":"fs.read","request_id":1,"params_redacted":{"path":"<redacted:/tmp>"},"result_class":"ok","latency_us":4261}
{"timestamp":"2026-06-05T04:39:16.999303593+00:00","method":"fs.write","request_id":1,"params_redacted":{"path":"<redacted:/tmp>"},"result_class":"invalid_params","latency_us":3137}
{"timestamp":"2026-06-05T04:39:17.002741463+00:00","method":"fs.write","request_id":1,"params_redacted":{"content":"<redacted:1 bytes>","path":"<redacted:/etc>"},"result_class":"cow_required","latency_us":3336}
{"timestamp":"2026-06-05T04:39:17.003110229+00:00","method":"fs.stat","request_id":1,"params_redacted":{"path":"<redacted:/etc>"},"result_class":"ok","latency_us":3546}
{"timestamp":"2026-06-05T04:39:17.003431794+00:00","method":"fs.write","request_id":1,"params_redacted":{"content":"<redacted:1 bytes>","path":"<redacted:/boot>"},"result_class":"err","latency_us":3916}
{"timestamp":"2026-06-05T04:39:17.006301182+00:00","method":"fs.write","request_id":1,"params_redacted":{"content":"<redacted:1 bytes>","mode":99999,"path":"<redacted:/tmp>"},"result_class":"invalid_params","latency_us":3135}
{"timestamp":"2026-06-05T04:39:17.006598618+00:00","method":"<parse_error>","request_id":null,"params_redacted":null,"result_class":"parse_error","latency_us":33}
{"timestamp":"2026-06-05T04:39:17.010532077+00:00","method":"fs.read","request_id":1,"params_redacted":{"path":"<redacted:/boot/grub>"},"result_class":"err","latency_us":4236}
{"timestamp":"2026-06-05T04:39:17.011821609+00:00","method":"network.dns.read","request_id":1,"params_redacted":null,"result_class":"err","latency_us":2989}
{"timestamp":"2026-06-05T04:39:17.013176781+00:00","method":"network.status","request_id":1,"params_redacted":null,"result_class":"ok","latency_us":3245}
{"timestamp":"2026-06-05T04:39:17.013191962+00:00","method":"network.status","request_id":1,"params_redacted":{"verbose":true},"result_class":"invalid_params","latency_us":3633}
{"timestamp":"2026-06-05T04:39:17.016074793+00:00","method":"package.install","request_id":1,"params_redacted":{"package":"nginx; rm -rf /"},"result_class":"invalid_params","latency_us":3930}
{"timestamp":"2026-06-05T04:39:17.019108702+00:00","method":"package.install","request_id":1,"params_redacted":{"package":"Nginx"},"result_class":"invalid_params","latency_us":4083}
{"timestamp":"2026-06-05T04:39:17.020063454+00:00","method":"package.install","request_id":1,"params_redacted":{"package":"nginx"},"result_class":"cow_required","latency_us":2529}
{"timestamp":"2026-06-05T04:39:17.022679511+00:00","method":"package.query","request_id":1,"params_redacted":{"pattern":"bash"},"result_class":"err","latency_us":4709}
{"timestamp":"2026-06-05T04:39:17.023339332+00:00","method":"process.inspect","request_id":1,"params_redacted":{},"result_class":"invalid_params","latency_us":2944}
{"timestamp":"2026-06-05T04:39:17.024637112+00:00","method":"package.remove","request_id":1,"params_redacted":{"package":"nginx"},"result_class":"cow_required","latency_us":4242}
{"timestamp":"2026-06-05T04:39:17.024791376+00:00","method":"package.upgrade","request_id":1,"params_redacted":{"package":"nginx"},"result_class":"cow_required","latency_us":25}
{"timestamp":"2026-06-05T04:39:17.028036715+00:00","method":"process.inspect","request_id":1,"params_redacted":{"pid":"not-an-integer"},"result_class":"invalid_params","latency_us":3146}
{"timestamp":"2026-06-05T04:39:17.030164818+00:00","method":"tools/list","request_id":1,"params_redacted":null,"result_class":"ok","latency_us":3766}
{"timestamp":"2026-06-05T04:39:17.032469710+00:00","method":"service.start","request_id":1,"params_redacted":{"unit":"nginx; rm -rf /"},"result_class":"invalid_params","latency_us":3988}
{"timestamp":"2026-06-05T04:39:17.033371716+00:00","method":"service.start","request_id":1,"params_redacted":{},"result_class":"invalid_params","latency_us":4095}
{"timestamp":"2026-06-05T04:39:17.036889378+00:00","method":"tools/list","request_id":1,"params_redacted":null,"result_class":"ok","latency_us":3568}
{"timestamp":"2026-06-05T04:39:17.036901118+00:00","method":"process.list","request_id":1,"params_redacted":null,"result_class":"ok","latency_us":10357}
{"timestamp":"2026-06-05T04:39:17.041893589+00:00","method":"tools/list","request_id":1,"params_redacted":null,"result_class":"ok","latency_us":4601}
{"timestamp":"2026-06-05T04:39:17.043354520+00:00","method":"tools/list","request_id":1,"params_redacted":null,"result_class":"ok","latency_us":4326}
{"timestamp":"2026-06-05T04:39:17.043750290+00:00","method":"system.status","request_id":1,"params_redacted":null,"result_class":"ok","latency_us":5180}
{"timestamp":"2026-06-05T04:39:17.044426565+00:00","method":"does.not.exist","request_id":7,"params_redacted":null,"result_class":"method_not_found","latency_us":24}
{"timestamp":"2026-06-05T04:39:17.044867467+00:00","method":"service.start","request_id":1,"params_redacted":{"unit":"cron.service"},"result_class":"err","latency_us":14175}
{"timestamp":"2026-06-05T04:39:17.046854090+00:00","method":"tools/list","request_id":1,"params_redacted":null,"result_class":"ok","latency_us":3555}
{"timestamp":"2026-06-05T04:39:17.047486572+00:00","method":"tools/list","request_id":3,"params_redacted":null,"result_class":"invalid_params","latency_us":9}
{"timestamp":"2026-06-05T04:39:18.472566060+00:00","method":"tools/list","request_id":1,"params_redacted":null,"result_class":"ok","latency_us":2852}
{"timestamp":"2026-06-05T04:41:45.301893724+00:00","method":"fs.delete","request_id":1,"params_redacted":{"path":"<redacted:/tmp>"},"result_class":"cow_required","latency_us":2828}
{"timestamp":"2026-06-05T04:41:45.302585883+00:00","method":"system.status","request_id":1,"params_redacted":{"unexpected":"field"},"result_class":"invalid_params","latency_us":4242}
{"timestamp":"2026-06-05T04:41:45.302662900+00:00","method":"fs.read","request_id":1,"params_redacted":{"path":"<redacted:/etc/hosts\u0000>"},"result_class":"err","latency_us":4485}
{"timestamp":"2026-06-05T04:41:45.302753752+00:00","method":"fs.read","request_id":1,"params_redacted":{},"result_class":"invalid_params","latency_us":4310}
{"timestamp":"2026-06-05T04:41:45.305797970+00:00","method":"fs.read","request_id":1,"params_redacted":{"binary":true,"path":"<redacted:/etc>"},"result_class":"invalid_params","latency_us":4715}
{"timestamp":"2026-06-05T04:41:45.307565904+00:00","method":"fs.list","request_id":1,"params_redacted":{"path":"<redacted:/etc>"},"result_class":"ok","latency_us":3984}
{"timestamp":"2026-06-05T04:41:45.312896054+00:00","method":"fs.read","request_id":1,"params_redacted":{"path":"<redacted:/boot>"},"result_class":"err","latency_us":4078}
{"timestamp":"2026-06-05T04:41:45.312926783+00:00","method":"fs.read","request_id":1,"params_redacted":{"path":"<redacted:etc/hosts>"},"result_class":"err","latency_us":4045}
{"timestamp":"2026-06-05T04:41:45.313047475+00:00","method":"fs.read","request_id":1,"params_redacted":{"path":"<redacted:/tmp>"},"result_class":"ok","latency_us":4131}
{"timestamp":"2026-06-05T04:41:45.314355673+00:00","method":"fs.stat","request_id":1,"params_redacted":{"path":"<redacted:/etc>"},"result_class":"ok","latency_us":4504}
{"timestamp":"2026-06-05T04:41:45.314925093+00:00","method":"fs.write","request_id":1,"params_redacted":{"path":"<redacted:/tmp>"},"result_class":"invalid_params","latency_us":3751}
{"timestamp":"2026-06-05T04:41:45.316287258+00:00","method":"fs.write","request_id":1,"params_redacted":{"content":"<redacted:1 bytes>","path":"<redacted:/etc>"},"result_class":"cow_required","latency_us":3851}
{"timestamp":"2026-06-05T04:41:45.321087535+00:00","method":"fs.read","request_id":1,"params_redacted":{"path":"<redacted:/boot/grub>"},"result_class":"err","latency_us":3279}
{"timestamp":"2026-06-05T04:41:45.322085511+00:00","method":"fs.write","request_id":1,"params_redacted":{"content":"<redacted:1 bytes>","path":"<redacted:/boot>"},"result_class":"err","latency_us":3416}
{"timestamp":"2026-06-05T04:41:45.322232301+00:00","method":"<parse_error>","request_id":null,"params_redacted":null,"result_class":"parse_error","latency_us":29}
{"timestamp":"2026-06-05T04:41:45.322813452+00:00","method":"fs.write","request_id":1,"params_redacted":{"content":"<redacted:1 bytes>","mode":99999,"path":"<redacted:/tmp>"},"result_class":"invalid_params","latency_us":4097}
{"timestamp":"2026-06-05T04:41:45.324357054+00:00","method":"network.dns.read","request_id":1,"params_redacted":null,"result_class":"err","latency_us":3877}
{"timestamp":"2026-06-05T04:41:45.325135826+00:00","method":"network.status","request_id":1,"params_redacted":{"verbose":true},"result_class":"invalid_params","latency_us":3031}
{"timestamp":"2026-06-05T04:41:45.330976702+00:00","method":"network.status","request_id":1,"params_redacted":null,"result_class":"ok","latency_us":4049}
{"timestamp":"2026-06-05T04:41:45.331239037+00:00","method":"package.install","request_id":1,"params_redacted":{"package":"Nginx"},"result_class":"invalid_params","latency_us":3057}
{"timestamp":"2026-06-05T04:41:45.332114499+00:00","method":"package.install","request_id":1,"params_redacted":{"package":"nginx; rm -rf /"},"result_class":"invalid_params","latency_us":4089}
{"timestamp":"2026-06-05T04:41:45.333492236+00:00","method":"package.install","request_id":1,"params_redacted":{"package":"nginx"},"result_class":"cow_required","latency_us":4158}
{"timestamp":"2026-06-05T04:41:45.333897775+00:00","method":"package.query","request_id":1,"params_redacted":{"pattern":"bash"},"result_class":"err","latency_us":3693}
{"timestamp":"2026-06-05T04:41:45.335621678+00:00","method":"package.remove","request_id":1,"params_redacted":{"package":"nginx"},"result_class":"cow_required","latency_us":4161}
{"timestamp":"2026-06-05T04:41:45.335767283+00:00","method":"package.upgrade","request_id":1,"params_redacted":{"package":"nginx"},"result_class":"cow_required","latency_us":23}
{"timestamp":"2026-06-05T04:41:45.339875484+00:00","method":"process.inspect","request_id":1,"params_redacted":{},"result_class":"invalid_params","latency_us":3688}
{"timestamp":"2026-06-05T04:41:45.340439910+00:00","method":"process.inspect","request_id":1,"params_redacted":{"pid":"not-an-integer"},"result_class":"invalid_params","latency_us":3147}
{"timestamp":"2026-06-05T04:41:45.342828109+00:00","method":"service.start","request_id":1,"params_redacted":{"unit":"nginx; rm -rf /"},"result_class":"invalid_params","latency_us":3076}
{"timestamp":"2026-06-05T04:41:45.343918798+00:00","method":"tools/list","request_id":1,"params_redacted":null,"result_class":"ok","latency_us":4623}
{"timestamp":"2026-06-05T04:41:45.345468118+00:00","method":"service.start","request_id":1,"params_redacted":{},"result_class":"invalid_params","latency_us":3722}
{"timestamp":"2026-06-05T04:41:45.347123833+00:00","method":"process.list","request_id":1,"params_redacted":null,"result_class":"ok","latency_us":9778}
{"timestamp":"2026-06-05T04:41:45.349008527+00:00","method":"tools/list","request_id":1,"params_redacted":null,"result_class":"ok","latency_us":3862}
{"timestamp":"2026-06-05T04:41:45.351887336+00:00","method":"system.status","request_id":1,"params_redacted":null,"result_class":"ok","latency_us":3954}
{"timestamp":"2026-06-05T04:41:45.354275698+00:00","method":"tools/list","request_id":1,"params_redacted":null,"result_class":"ok","latency_us":4397}
{"timestamp":"2026-06-05T04:41:45.354852936+00:00","method":"tools/list","request_id":1,"params_redacted":null,"result_class":"ok","latency_us":4369}
{"timestamp":"2026-06-05T04:41:45.356571204+00:00","method":"tools/list","request_id":3,"params_redacted":null,"result_class":"invalid_params","latency_us":8}
{"timestamp":"2026-06-05T04:41:45.356692491+00:00","method":"does.not.exist","request_id":7,"params_redacted":null,"result_class":"method_not_found","latency_us":25}
{"timestamp":"2026-06-05T04:41:45.357123966+00:00","method":"tools/list","request_id":1,"params_redacted":null,"result_class":"ok","latency_us":4450}
{"timestamp":"2026-06-05T04:41:45.358702787+00:00","method":"service.start","request_id":1,"params_redacted":{"unit":"cron.service"},"result_class":"err","latency_us":13359}
{"timestamp":"2026-06-05T04:41:58.966974683+00:00","method":"tools/list","request_id":1,"params_redacted":null,"result_class":"ok","latency_us":2915}
{"timestamp":"2026-06-05T04:42:05.080537124+00:00","method":"tools/list","request_id":1,"params_redacted":null,"result_class":"ok","latency_us":2888}
{"timestamp":"2026-06-05T04:42:05.089031369+00:00","method":"tools/list","request_id":2,"params_redacted":null,"result_class":"ok","latency_us":191}
{"timestamp":"2026-06-05T04:42:05.097392709+00:00","method":"tools/list","request_id":3,"params_redacted":null,"result_class":"ok","latency_us":162}
{"timestamp":"2026-06-05T04:42:05.105613399+00:00","method":"tools/list","request_id":4,"params_redacted":null,"result_class":"ok","latency_us":161}
{"timestamp":"2026-06-05T04:42:05.113855280+00:00","method":"tools/list","request_id":5,"params_redacted":null,"result_class":"ok","latency_us":163}
{"timestamp":"2026-06-05T04:42:05.122074162+00:00","method":"tools/list","request_id":6,"params_redacted":null,"result_class":"ok","latency_us":159}
{"timestamp":"2026-06-05T04:42:05.130261187+00:00","method":"tools/list","request_id":7,"params_redacted":null,"result_class":"ok","latency_us":161}
{"timestamp":"2026-06-05T04:42:05.138562099+00:00","method":"tools/list","request_id":8,"params_redacted":null,"result_class":"ok","latency_us":155}
{"timestamp":"2026-06-05T04:42:05.146765694+00:00","method":"tools/list","request_id":9,"params_redacted":null,"result_class":"ok","latency_us":155}
{"timestamp":"2026-06-05T04:42:05.154916613+00:00","method":"tools/list","request_id":10,"params_redacted":null,"result_class":"ok","latency_us":153}
{"timestamp":"2026-06-05T04:42:05.163125198+00:00","method":"tools/list","request_id":11,"params_redacted":null,"result_class":"ok","latency_us":174}
{"timestamp":"2026-06-05T04:42:05.171350518+00:00","method":"tools/list","request_id":12,"params_redacted":null,"result_class":"ok","latency_us":175}
{"timestamp":"2026-06-05T04:42:05.179581536+00:00","method":"tools/list","request_id":13,"params_redacted":null,"result_class":"ok","latency_us":168}
{"timestamp":"2026-06-05T04:42:05.187814237+00:00","method":"tools/list","request_id":14,"params_redacted":null,"result_class":"ok","latency_us":166}
{"timestamp":"2026-06-05T04:42:05.195989648+00:00","method":"tools/list","request_id":15,"params_redacted":null,"result_class":"ok","latency_us":163}
{"timestamp":"2026-06-05T04:42:05.204151584+00:00","method":"tools/list","request_id":16,"params_redacted":null,"result_class":"ok","latency_us":167}
{"timestamp":"2026-06-05T04:42:05.212335921+00:00","method":"tools/list","request_id":17,"params_redacted":null,"result_class":"ok","latency_us":179}
{"timestamp":"2026-06-05T04:42:05.220500394+00:00","method":"tools/list","request_id":18,"params_redacted":null,"result_class":"ok","latency_us":175}
{"timestamp":"2026-06-05T04:42:05.228674148+00:00","method":"tools/list","request_id":19,"params_redacted":null,"result_class":"ok","latency_us":181}
{"timestamp":"2026-06-05T04:42:05.237083972+00:00","method":"tools/list","request_id":20,"params_redacted":null,"result_class":"ok","latency_us":222}
{"timestamp":"2026-06-05T04:42:05.245229248+00:00","method":"tools/list","request_id":21,"params_redacted":null,"result_class":"ok","latency_us":169}
{"timestamp":"2026-06-05T04:42:05.253358660+00:00","method":"tools/list","request_id":22,"params_redacted":null,"result_class":"ok","latency_us":157}
{"timestamp":"2026-06-05T04:42:05.261520232+00:00","method":"tools/list","request_id":23,"params_redacted":null,"result_class":"ok","latency_us":186}
{"timestamp":"2026-06-05T04:42:05.269665666+00:00","method":"tools/list","request_id":24,"params_redacted":null,"result_class":"ok","latency_us":174}
{"timestamp":"2026-06-05T04:42:05.277766432+00:00","method":"tools/list","request_id":25,"params_redacted":null,"result_class":"ok","latency_us":166}
{"timestamp":"2026-06-05T04:42:05.285877965+00:00","method":"tools/list","request_id":26,"params_redacted":null,"result_class":"ok","latency_us":167}
{"timestamp":"2026-06-05T04:42:05.293993307+00:00","method":"tools/list","request_id":27,"params_redacted":null,"result_class":"ok","latency_us":170}
{"timestamp":"2026-06-05T04:42:05.302137362+00:00","method":"tools/list","request_id":28,"params_redacted":null,"result_class":"ok","latency_us":158}
{"timestamp":"2026-06-05T04:42:05.310252130+00:00","method":"tools/list","request_id":29,"params_redacted":null,"result_class":"ok","latency_us":160}
{"timestamp":"2026-06-05T04:42:05.318344765+00:00","method":"tools/list","request_id":30,"params_redacted":null,"result_class":"ok","latency_us":158}
{"timestamp":"2026-06-05T04:42:05.326452721+00:00","method":"tools/list","request_id":31,"params_redacted":null,"result_class":"ok","latency_us":164}
{"timestamp":"2026-06-05T04:42:05.334597562+00:00","method":"tools/list","request_id":32,"params_redacted":null,"result_class":"ok","latency_us":162}
{"timestamp":"2026-06-05T04:42:05.342955758+00:00","method":"tools/list","request_id":33,"params_redacted":null,"result_class":"ok","latency_us":172}
{"timestamp":"2026-06-05T04:42:05.351327221+00:00","method":"tools/list","request_id":34,"params_redacted":null,"result_class":"ok","latency_us":159}
{"timestamp":"2026-06-05T04:42:05.359566921+00:00","method":"tools/list","request_id":35,"params_redacted":null,"result_class":"ok","latency_us":146}
{"timestamp":"2026-06-05T04:42:05.367888173+00:00","method":"tools/list","request_id":36,"params_redacted":null,"result_class":"ok","latency_us":153}
{"timestamp":"2026-06-05T04:42:05.376180981+00:00","method":"tools/list","request_id":37,"params_redacted":null,"result_class":"ok","latency_us":150}
{"timestamp":"2026-06-05T04:42:05.384393990+00:00","method":"tools/list","request_id":38,"params_redacted":null,"result_class":"ok","latency_us":142}
{"timestamp":"2026-06-05T04:42:05.392707405+00:00","method":"tools/list","request_id":39,"params_redacted":null,"result_class":"ok","latency_us":162}
{"timestamp":"2026-06-05T04:42:05.401120589+00:00","method":"tools/list","request_id":40,"params_redacted":null,"result_class":"ok","latency_us":208}
{"timestamp":"2026-06-05T04:42:05.409438628+00:00","method":"tools/list","request_id":41,"params_redacted":null,"result_class":"ok","latency_us":159}
{"timestamp":"2026-06-05T04:42:05.417684566+00:00","method":"tools/list","request_id":42,"params_redacted":null,"result_class":"ok","latency_us":171}
{"timestamp":"2026-06-05T04:42:05.426020439+00:00","method":"tools/list","request_id":43,"params_redacted":null,"result_class":"ok","latency_us":189}
{"timestamp":"2026-06-05T04:42:05.434245231+00:00","method":"tools/list","request_id":44,"params_redacted":null,"result_class":"ok","latency_us":174}
{"timestamp":"2026-06-05T04:42:05.442424785+00:00","method":"tools/list","request_id":45,"params_redacted":null,"result_class":"ok","latency_us":172}
{"timestamp":"2026-06-05T04:42:05.450579838+00:00","method":"tools/list","request_id":46,"params_redacted":null,"result_class":"ok","latency_us":175}
{"timestamp":"2026-06-05T04:42:05.458753133+00:00","method":"tools/list","request_id":47,"params_redacted":null,"result_class":"ok","latency_us":178}
{"timestamp":"2026-06-05T04:42:05.466929153+00:00","method":"tools/list","request_id":48,"params_redacted":null,"result_class":"ok","latency_us":186}
{"timestamp":"2026-06-05T04:42:05.475061142+00:00","method":"tools/list","request_id":49,"params_redacted":null,"result_class":"ok","latency_us":155}
{"timestamp":"2026-06-05T04:42:05.483222548+00:00","method":"tools/list","request_id":50,"params_redacted":null,"result_class":"ok","latency_us":165}
{"timestamp":"2026-06-05T04:42:05.491338830+00:00","method":"tools/list","request_id":51,"params_redacted":null,"result_class":"ok","latency_us":165}
{"timestamp":"2026-06-05T04:42:05.499440775+00:00","method":"tools/list","request_id":52,"params_redacted":null,"result_class":"ok","latency_us":153}
{"timestamp":"2026-06-05T04:42:05.507599479+00:00","method":"tools/list","request_id":53,"params_redacted":null,"result_class":"ok","latency_us":152}
{"timestamp":"2026-06-05T04:42:05.515763757+00:00","method":"tools/list","request_id":54,"params_redacted":null,"result_class":"ok","latency_us":146}
{"timestamp":"2026-06-05T04:42:05.524002964+00:00","method":"tools/list","request_id":55,"params_redacted":null,"result_class":"ok","latency_us":204}
{"timestamp":"2026-06-05T04:42:05.532147457+00:00","method":"tools/list","request_id":56,"params_redacted":null,"result_class":"ok","latency_us":155}
{"timestamp":"2026-06-05T04:42:05.540205081+00:00","method":"tools/list","request_id":57,"params_redacted":null,"result_class":"ok","latency_us":149}
{"timestamp":"2026-06-05T04:42:05.548471246+00:00","method":"tools/list","request_id":58,"params_redacted":null,"result_class":"ok","latency_us":153}
{"timestamp":"2026-06-05T04:42:05.556755670+00:00","method":"tools/list","request_id":59,"params_redacted":null,"result_class":"ok","latency_us":169}
{"timestamp":"2026-06-05T04:42:05.565066124+00:00","method":"tools/list","request_id":60,"params_redacted":null,"result_class":"ok","latency_us":196}
{"timestamp":"2026-06-05T04:42:05.573286217+00:00","method":"tools/list","request_id":61,"params_redacted":null,"result_class":"ok","latency_us":161}
{"timestamp":"2026-06-05T04:42:05.581485662+00:00","method":"tools/list","request_id":62,"params_redacted":null,"result_class":"ok","latency_us":165}
{"timestamp":"2026-06-05T04:42:05.589722943+00:00","method":"tools/list","request_id":63,"params_redacted":null,"result_class":"ok","latency_us":171}
{"timestamp":"2026-06-05T04:42:05.597929405+00:00","method":"tools/list","request_id":64,"params_redacted":null,"result_class":"ok","latency_us":171}
{"timestamp":"2026-06-05T04:42:05.606300037+00:00","method":"tools/list","request_id":65,"params_redacted":null,"result_class":"ok","latency_us":148}
{"timestamp":"2026-06-05T04:42:05.614462487+00:00","method":"tools/list","request_id":66,"params_redacted":null,"result_class":"ok","latency_us":141}
{"timestamp":"2026-06-05T04:42:05.622592699+00:00","method":"tools/list","request_id":67,"params_redacted":null,"result_class":"ok","latency_us":143}
{"timestamp":"2026-06-05T04:42:05.630745882+00:00","method":"tools/list","request_id":68,"params_redacted":null,"result_class":"ok","latency_us":141}
{"timestamp":"2026-06-05T04:42:05.639109019+00:00","method":"tools/list","request_id":69,"params_redacted":null,"result_class":"ok","latency_us":150}
{"timestamp":"2026-06-05T04:42:05.647302375+00:00","method":"tools/list","request_id":70,"params_redacted":null,"result_class":"ok","latency_us":157}
{"timestamp":"2026-06-05T04:42:05.655494102+00:00","method":"tools/list","request_id":71,"params_redacted":null,"result_class":"ok","latency_us":158}
{"timestamp":"2026-06-05T04:42:05.663745846+00:00","method":"tools/list","request_id":72,"params_redacted":null,"result_class":"ok","latency_us":159}
{"timestamp":"2026-06-05T04:42:05.671939604+00:00","method":"tools/list","request_id":73,"params_redacted":null,"result_class":"ok","latency_us":157}
{"timestamp":"2026-06-05T04:42:05.680128011+00:00","method":"tools/list","request_id":74,"params_redacted":null,"result_class":"ok","latency_us":158}
{"timestamp":"2026-06-05T04:42:05.688276676+00:00","method":"tools/list","request_id":75,"params_redacted":null,"result_class":"ok","latency_us":143}
{"timestamp":"2026-06-05T04:42:05.696451242+00:00","method":"tools/list","request_id":76,"params_redacted":null,"result_class":"ok","latency_us":141}
{"timestamp":"2026-06-05T04:42:05.704698154+00:00","method":"tools/list","request_id":77,"params_redacted":null,"result_class":"ok","latency_us":160}
{"timestamp":"2026-06-05T04:42:05.712867336+00:00","method":"tools/list","request_id":78,"params_redacted":null,"result_class":"ok","latency_us":151}
{"timestamp":"2026-06-05T04:42:05.721051024+00:00","method":"tools/list","request_id":79,"params_redacted":null,"result_class":"ok","latency_us":170}
{"timestamp":"2026-06-05T04:42:05.729261487+00:00","method":"tools/list","request_id":80,"params_redacted":null,"result_class":"ok","latency_us":147}
{"timestamp":"2026-06-05T04:42:05.737468006+00:00","method":"tools/list","request_id":81,"params_redacted":null,"result_class":"ok","latency_us":149}
{"timestamp":"2026-06-05T04:42:05.745702075+00:00","method":"tools/list","request_id":82,"params_redacted":null,"result_class":"ok","latency_us":172}
{"timestamp":"2026-06-05T04:42:05.753909056+00:00","method":"tools/list","request_id":83,"params_redacted":null,"result_class":"ok","latency_us":151}
{"timestamp":"2026-06-05T04:42:05.762024913+00:00","method":"tools/list","request_id":84,"params_redacted":null,"result_class":"ok","latency_us":152}
{"timestamp":"2026-06-05T04:42:05.770126708+00:00","method":"tools/list","request_id":85,"params_redacted":null,"result_class":"ok","latency_us":143}
{"timestamp":"2026-06-05T04:42:05.778221472+00:00","method":"tools/list","request_id":86,"params_redacted":null,"result_class":"ok","latency_us":140}
{"timestamp":"2026-06-05T04:42:05.786364696+00:00","method":"tools/list","request_id":87,"params_redacted":null,"result_class":"ok","latency_us":140}
{"timestamp":"2026-06-05T04:42:05.794454104+00:00","method":"tools/list","request_id":88,"params_redacted":null,"result_class":"ok","latency_us":155}
{"timestamp":"2026-06-05T04:42:05.802829501+00:00","method":"tools/list","request_id":89,"params_redacted":null,"result_class":"ok","latency_us":143}
{"timestamp":"2026-06-05T04:42:05.811156472+00:00","method":"tools/list","request_id":90,"params_redacted":null,"result_class":"ok","latency_us":141}
{"timestamp":"2026-06-05T04:42:05.819282995+00:00","method":"tools/list","request_id":91,"params_redacted":null,"result_class":"ok","latency_us":141}
{"timestamp":"2026-06-05T04:42:05.827424319+00:00","method":"tools/list","request_id":92,"params_redacted":null,"result_class":"ok","latency_us":155}
{"timestamp":"2026-06-05T04:42:05.835537146+00:00","method":"tools/list","request_id":93,"params_redacted":null,"result_class":"ok","latency_us":142}
{"timestamp":"2026-06-05T04:42:05.843670223+00:00","method":"tools/list","request_id":94,"params_redacted":null,"result_class":"ok","latency_us":156}
{"timestamp":"2026-06-05T04:42:05.851921493+00:00","method":"tools/list","request_id":95,"params_redacted":null,"result_class":"ok","latency_us":154}
{"timestamp":"2026-06-05T04:42:05.860089679+00:00","method":"tools/list","request_id":96,"params_redacted":null,"result_class":"ok","latency_us":151}
{"timestamp":"2026-06-05T04:42:05.868321120+00:00","method":"tools/list","request_id":97,"params_redacted":null,"result_class":"ok","latency_us":154}
{"timestamp":"2026-06-05T04:42:05.876524064+00:00","method":"tools/list","request_id":98,"params_redacted":null,"result_class":"ok","latency_us":143}
{"timestamp":"2026-06-05T04:42:05.884691661+00:00","method":"tools/list","request_id":99,"params_redacted":null,"result_class":"ok","latency_us":149}
{"timestamp":"2026-06-05T04:42:05.892877072+00:00","method":"tools/list","request_id":100,"params_redacted":null,"result_class":"ok","latency_us":149}
{"timestamp":"2026-06-05T04:42:17.247371847+00:00","method":"fs.delete","request_id":1,"params_redacted":{"path":"<redacted:/tmp>"},"result_class":"cow_required","latency_us":4500}
{"timestamp":"2026-06-05T04:42:17.247427634+00:00","method":"system.status","request_id":1,"params_redacted":{"unexpected":"field"},"result_class":"invalid_params","latency_us":4106}
{"timestamp":"2026-06-05T04:42:17.248389951+00:00","method":"fs.list","request_id":1,"params_redacted":{"path":"<redacted:/etc>"},"result_class":"ok","latency_us":5135}
{"timestamp":"2026-06-05T04:42:17.248615984+00:00","method":"fs.read","request_id":1,"params_redacted":{},"result_class":"invalid_params","latency_us":3838}
{"timestamp":"2026-06-05T04:42:17.249900476+00:00","method":"fs.read","request_id":1,"params_redacted":{"binary":true,"path":"<redacted:/etc>"},"result_class":"invalid_params","latency_us":3678}
{"timestamp":"2026-06-05T04:42:17.252439033+00:00","method":"fs.read","request_id":1,"params_redacted":{"path":"<redacted:/etc/hosts\u0000>"},"result_class":"err","latency_us":4259}
{"timestamp":"2026-06-05T04:42:17.257131237+00:00","method":"fs.read","request_id":1,"params_redacted":{"path":"<redacted:/boot>"},"result_class":"err","latency_us":3057}
{"timestamp":"2026-06-05T04:42:17.258720128+00:00","method":"fs.read","request_id":1,"params_redacted":{"path":"<redacted:etc/hosts>"},"result_class":"err","latency_us":4321}
{"timestamp":"2026-06-05T04:42:17.258996049+00:00","method":"fs.stat","request_id":1,"params_redacted":{"path":"<redacted:/etc>"},"result_class":"ok","latency_us":3047}
{"timestamp":"2026-06-05T04:42:17.259142660+00:00","method":"fs.write","request_id":1,"params_redacted":{"path":"<redacted:/tmp>"},"result_class":"invalid_params","latency_us":3602}
{"timestamp":"2026-06-05T04:42:17.259257165+00:00","method":"fs.read","request_id":1,"params_redacted":{"path":"<redacted:/tmp>"},"result_class":"ok","latency_us":4222}
{"timestamp":"2026-06-05T04:42:17.263084699+00:00","method":"fs.write","request_id":1,"params_redacted":{"content":"<redacted:1 bytes>","path":"<redacted:/etc>"},"result_class":"cow_required","latency_us":3350}
{"timestamp":"2026-06-05T04:42:17.265630095+00:00","method":"<parse_error>","request_id":null,"params_redacted":null,"result_class":"parse_error","latency_us":36}
{"timestamp":"2026-06-05T04:42:17.266312658+00:00","method":"fs.write","request_id":1,"params_redacted":{"content":"<redacted:1 bytes>","path":"<redacted:/boot>"},"result_class":"err","latency_us":3197}
{"timestamp":"2026-06-05T04:42:17.268641474+00:00","method":"fs.read","request_id":1,"params_redacted":{"path":"<redacted:/boot/grub>"},"result_class":"err","latency_us":4191}
{"timestamp":"2026-06-05T04:42:17.269187668+00:00","method":"fs.write","request_id":1,"params_redacted":{"content":"<redacted:1 bytes>","mode":99999,"path":"<redacted:/tmp>"},"result_class":"invalid_params","latency_us":4299}
{"timestamp":"2026-06-05T04:42:17.269425210+00:00","method":"network.dns.read","request_id":1,"params_redacted":null,"result_class":"err","latency_us":4335}
{"timestamp":"2026-06-05T04:42:17.273299276+00:00","method":"network.status","request_id":1,"params_redacted":{"verbose":true},"result_class":"invalid_params","latency_us":3965}
{"timestamp":"2026-06-05T04:42:17.274625705+00:00","method":"network.status","request_id":1,"params_redacted":null,"result_class":"ok","latency_us":4213}
{"timestamp":"2026-06-05T04:42:17.275789867+00:00","method":"package.install","request_id":1,"params_redacted":{"package":"nginx; rm -rf /"},"result_class":"invalid_params","latency_us":4208}
{"timestamp":"2026-06-05T04:42:17.276469036+00:00","method":"package.install","request_id":1,"params_redacted":{"package":"nginx"},"result_class":"cow_required","latency_us":2713}
{"timestamp":"2026-06-05T04:42:17.276578628+00:00","method":"package.install","request_id":1,"params_redacted":{"package":"Nginx"},"result_class":"invalid_params","latency_us":2769}
{"timestamp":"2026-06-05T04:42:17.278758885+00:00","method":"package.query","request_id":1,"params_redacted":{"pattern":"bash"},"result_class":"err","latency_us":3788}
{"timestamp":"2026-06-05T04:42:17.283495480+00:00","method":"package.remove","request_id":1,"params_redacted":{"package":"nginx"},"result_class":"cow_required","latency_us":3864}
{"timestamp":"2026-06-05T04:42:17.283672934+00:00","method":"package.upgrade","request_id":1,"params_redacted":{"package":"nginx"},"result_class":"cow_required","latency_us":20}
{"timestamp":"2026-06-05T04:42:17.284780018+00:00","method":"process.inspect","request_id":1,"params_redacted":{},"result_class":"invalid_params","latency_us":2953}
{"timestamp":"2026-06-05T04:42:17.287157417+00:00","method":"service.start","request_id":1,"params_redacted":{"unit":"nginx; rm -rf /"},"result_class":"invalid_params","latency_us":2901}
{"timestamp":"2026-06-05T04:42:17.287458534+00:00","method":"tools/list","request_id":1,"params_redacted":null,"result_class":"ok","latency_us":4612}
{"timestamp":"2026-06-05T04:42:17.287832735+00:00","method":"process.inspect","request_id":1,"params_redacted":{"pid":"not-an-integer"},"result_class":"invalid_params","latency_us":4098}
{"timestamp":"2026-06-05T04:42:17.292253324+00:00","method":"process.list","request_id":1,"params_redacted":null,"result_class":"ok","latency_us":9953}
{"timestamp":"2026-06-05T04:42:17.294464476+00:00","method":"service.start","request_id":1,"params_redacted":{},"result_class":"invalid_params","latency_us":4297}
{"timestamp":"2026-06-05T04:42:17.296356583+00:00","method":"tools/list","request_id":1,"params_redacted":null,"result_class":"ok","latency_us":3304}
{"timestamp":"2026-06-05T04:42:17.296446895+00:00","method":"tools/list","request_id":1,"params_redacted":null,"result_class":"ok","latency_us":4105}
{"timestamp":"2026-06-05T04:42:17.296528883+00:00","method":"system.status","request_id":1,"params_redacted":null,"result_class":"ok","latency_us":3968}
{"timestamp":"2026-06-05T04:42:17.301324474+00:00","method":"does.not.exist","request_id":7,"params_redacted":null,"result_class":"method_not_found","latency_us":20}
{"timestamp":"2026-06-05T04:42:17.302070200+00:00","method":"tools/list","request_id":3,"params_redacted":null,"result_class":"invalid_params","latency_us":5}
{"timestamp":"2026-06-05T04:42:17.302167315+00:00","method":"service.start","request_id":1,"params_redacted":{"unit":"cron.service"},"result_class":"err","latency_us":12730}
{"timestamp":"2026-06-05T04:42:17.302960646+00:00","method":"tools/list","request_id":1,"params_redacted":null,"result_class":"ok","latency_us":4194}
{"timestamp":"2026-06-05T04:42:17.303913534+00:00","method":"tools/list","request_id":1,"params_redacted":null,"result_class":"ok","latency_us":3881}
{"timestamp":"2026-06-05T04:42:17.685190877+00:00","method":"tools/list","request_id":1,"params_redacted":null,"result_class":"ok","latency_us":2919}
{"timestamp":"2026-06-05T04:50:32.290562269+00:00","method":"tools/list","request_id":1,"params_redacted":null,"result_class":"ok","latency_us":3197}
{"timestamp":"2026-06-05T04:50:32.298899289+00:00","method":"tools/list","request_id":2,"params_redacted":null,"result_class":"ok","latency_us":164}
{"timestamp":"2026-06-05T04:50:32.307213464+00:00","method":"tools/list","request_id":3,"params_redacted":null,"result_class":"ok","latency_us":150}
{"timestamp":"2026-06-05T04:50:32.315402460+00:00","method":"tools/list","request_id":4,"params_redacted":null,"result_class":"ok","latency_us":145}
{"timestamp":"2026-06-05T04:50:32.323594279+00:00","method":"tools/list","request_id":5,"params_redacted":null,"result_class":"ok","latency_us":161}
{"timestamp":"2026-06-05T04:50:32.331800949+00:00","method":"tools/list","request_id":6,"params_redacted":null,"result_class":"ok","latency_us":151}
{"timestamp":"2026-06-05T04:50:32.339933138+00:00","method":"tools/list","request_id":7,"params_redacted":null,"result_class":"ok","latency_us":139}
{"timestamp":"2026-06-05T04:50:32.348138832+00:00","method":"tools/list","request_id":8,"params_redacted":null,"result_class":"ok","latency_us":141}
{"timestamp":"2026-06-05T04:50:32.356187684+00:00","method":"tools/list","request_id":9,"params_redacted":null,"result_class":"ok","latency_us":139}
{"timestamp":"2026-06-05T04:50:32.364389925+00:00","method":"tools/list","request_id":10,"params_redacted":null,"result_class":"ok","latency_us":145}
{"timestamp":"2026-06-05T04:50:32.372474337+00:00","method":"tools/list","request_id":11,"params_redacted":null,"result_class":"ok","latency_us":145}
{"timestamp":"2026-06-05T04:50:32.380573172+00:00","method":"tools/list","request_id":12,"params_redacted":null,"result_class":"ok","latency_us":141}
{"timestamp":"2026-06-05T04:50:32.388653632+00:00","method":"tools/list","request_id":13,"params_redacted":null,"result_class":"ok","latency_us":147}
{"timestamp":"2026-06-05T04:50:32.396738988+00:00","method":"tools/list","request_id":14,"params_redacted":null,"result_class":"ok","latency_us":162}
{"timestamp":"2026-06-05T04:50:32.404922416+00:00","method":"tools/list","request_id":15,"params_redacted":null,"result_class":"ok","latency_us":146}
{"timestamp":"2026-06-05T04:50:32.412990708+00:00","method":"tools/list","request_id":16,"params_redacted":null,"result_class":"ok","latency_us":147}
{"timestamp":"2026-06-05T04:50:32.421142061+00:00","method":"tools/list","request_id":17,"params_redacted":null,"result_class":"ok","latency_us":145}
{"timestamp":"2026-06-05T04:50:32.429250578+00:00","method":"tools/list","request_id":18,"params_redacted":null,"result_class":"ok","latency_us":147}
{"timestamp":"2026-06-05T04:50:32.437312177+00:00","method":"tools/list","request_id":19,"params_redacted":null,"result_class":"ok","latency_us":144}
{"timestamp":"2026-06-05T04:50:32.445354348+00:00","method":"tools/list","request_id":20,"params_redacted":null,"result_class":"ok","latency_us":149}
{"timestamp":"2026-06-05T04:50:32.453536842+00:00","method":"tools/list","request_id":21,"params_redacted":null,"result_class":"ok","latency_us":175}
{"timestamp":"2026-06-05T04:50:32.461712202+00:00","method":"tools/list","request_id":22,"params_redacted":null,"result_class":"ok","latency_us":160}
{"timestamp":"2026-06-05T04:50:32.469910032+00:00","method":"tools/list","request_id":23,"params_redacted":null,"result_class":"ok","latency_us":160}
{"timestamp":"2026-06-05T04:50:32.478338021+00:00","method":"tools/list","request_id":24,"params_redacted":null,"result_class":"ok","latency_us":158}
{"timestamp":"2026-06-05T04:50:32.486630438+00:00","method":"tools/list","request_id":25,"params_redacted":null,"result_class":"ok","latency_us":154}
{"timestamp":"2026-06-05T04:50:32.495076933+00:00","method":"tools/list","request_id":26,"params_redacted":null,"result_class":"ok","latency_us":161}
{"timestamp":"2026-06-05T04:50:32.503466255+00:00","method":"tools/list","request_id":27,"params_redacted":null,"result_class":"ok","latency_us":149}
{"timestamp":"2026-06-05T04:50:32.511605973+00:00","method":"tools/list","request_id":28,"params_redacted":null,"result_class":"ok","latency_us":155}
{"timestamp":"2026-06-05T04:50:32.519763081+00:00","method":"tools/list","request_id":29,"params_redacted":null,"result_class":"ok","latency_us":148}
{"timestamp":"2026-06-05T04:50:32.527873950+00:00","method":"tools/list","request_id":30,"params_redacted":null,"result_class":"ok","latency_us":142}
{"timestamp":"2026-06-05T04:50:32.535962171+00:00","method":"tools/list","request_id":31,"params_redacted":null,"result_class":"ok","latency_us":154}
{"timestamp":"2026-06-05T04:50:32.544109701+00:00","method":"tools/list","request_id":32,"params_redacted":null,"result_class":"ok","latency_us":162}
{"timestamp":"2026-06-05T04:50:32.552388655+00:00","method":"tools/list","request_id":33,"params_redacted":null,"result_class":"ok","latency_us":163}
{"timestamp":"2026-06-05T04:50:32.560490329+00:00","method":"tools/list","request_id":34,"params_redacted":null,"result_class":"ok","latency_us":148}
{"timestamp":"2026-06-05T04:50:32.568987057+00:00","method":"tools/list","request_id":35,"params_redacted":null,"result_class":"ok","latency_us":183}
{"timestamp":"2026-06-05T04:50:32.577115715+00:00","method":"tools/list","request_id":36,"params_redacted":null,"result_class":"ok","latency_us":152}
{"timestamp":"2026-06-05T04:50:32.585327936+00:00","method":"tools/list","request_id":37,"params_redacted":null,"result_class":"ok","latency_us":162}
{"timestamp":"2026-06-05T04:50:32.593537048+00:00","method":"tools/list","request_id":38,"params_redacted":null,"result_class":"ok","latency_us":177}
{"timestamp":"2026-06-05T04:50:32.601673945+00:00","method":"tools/list","request_id":39,"params_redacted":null,"result_class":"ok","latency_us":184}
{"timestamp":"2026-06-05T04:50:32.609783532+00:00","method":"tools/list","request_id":40,"params_redacted":null,"result_class":"ok","latency_us":187}
{"timestamp":"2026-06-05T04:50:32.617892765+00:00","method":"tools/list","request_id":41,"params_redacted":null,"result_class":"ok","latency_us":183}
{"timestamp":"2026-06-05T04:50:32.625996710+00:00","method":"tools/list","request_id":42,"params_redacted":null,"result_class":"ok","latency_us":173}
{"timestamp":"2026-06-05T04:50:32.634204262+00:00","method":"tools/list","request_id":43,"params_redacted":null,"result_class":"ok","latency_us":169}
{"timestamp":"2026-06-05T04:50:32.642348845+00:00","method":"tools/list","request_id":44,"params_redacted":null,"result_class":"ok","latency_us":172}
{"timestamp":"2026-06-05T04:50:32.650505086+00:00","method":"tools/list","request_id":45,"params_redacted":null,"result_class":"ok","latency_us":162}
{"timestamp":"2026-06-05T04:50:32.658668954+00:00","method":"tools/list","request_id":46,"params_redacted":null,"result_class":"ok","latency_us":161}
{"timestamp":"2026-06-05T04:50:32.666829158+00:00","method":"tools/list","request_id":47,"params_redacted":null,"result_class":"ok","latency_us":151}
{"timestamp":"2026-06-05T04:50:32.675000641+00:00","method":"tools/list","request_id":48,"params_redacted":null,"result_class":"ok","latency_us":161}
{"timestamp":"2026-06-05T04:50:32.683209213+00:00","method":"tools/list","request_id":49,"params_redacted":null,"result_class":"ok","latency_us":163}
{"timestamp":"2026-06-05T04:50:32.691531313+00:00","method":"tools/list","request_id":50,"params_redacted":null,"result_class":"ok","latency_us":169}
{"timestamp":"2026-06-05T04:50:32.699808510+00:00","method":"tools/list","request_id":51,"params_redacted":null,"result_class":"ok","latency_us":163}
{"timestamp":"2026-06-05T04:50:32.708022507+00:00","method":"tools/list","request_id":52,"params_redacted":null,"result_class":"ok","latency_us":172}
{"timestamp":"2026-06-05T04:50:32.716234768+00:00","method":"tools/list","request_id":53,"params_redacted":null,"result_class":"ok","latency_us":164}
{"timestamp":"2026-06-05T04:50:32.724444654+00:00","method":"tools/list","request_id":54,"params_redacted":null,"result_class":"ok","latency_us":163}
{"timestamp":"2026-06-05T04:50:32.732743673+00:00","method":"tools/list","request_id":55,"params_redacted":null,"result_class":"ok","latency_us":169}
{"timestamp":"2026-06-05T04:50:32.740845951+00:00","method":"tools/list","request_id":56,"params_redacted":null,"result_class":"ok","latency_us":176}
{"timestamp":"2026-06-05T04:50:32.749060805+00:00","method":"tools/list","request_id":57,"params_redacted":null,"result_class":"ok","latency_us":170}
{"timestamp":"2026-06-05T04:50:32.757266145+00:00","method":"tools/list","request_id":58,"params_redacted":null,"result_class":"ok","latency_us":166}
{"timestamp":"2026-06-05T04:50:32.765428632+00:00","method":"tools/list","request_id":59,"params_redacted":null,"result_class":"ok","latency_us":152}
{"timestamp":"2026-06-05T04:50:32.773522049+00:00","method":"tools/list","request_id":60,"params_redacted":null,"result_class":"ok","latency_us":149}
{"timestamp":"2026-06-05T04:50:32.781671589+00:00","method":"tools/list","request_id":61,"params_redacted":null,"result_class":"ok","latency_us":153}
{"timestamp":"2026-06-05T04:50:32.789821736+00:00","method":"tools/list","request_id":62,"params_redacted":null,"result_class":"ok","latency_us":154}
{"timestamp":"2026-06-05T04:50:32.797962348+00:00","method":"tools/list","request_id":63,"params_redacted":null,"result_class":"ok","latency_us":160}
{"timestamp":"2026-06-05T04:50:32.806120725+00:00","method":"tools/list","request_id":64,"params_redacted":null,"result_class":"ok","latency_us":165}
{"timestamp":"2026-06-05T04:50:32.814239773+00:00","method":"tools/list","request_id":65,"params_redacted":null,"result_class":"ok","latency_us":165}
{"timestamp":"2026-06-05T04:50:32.822385473+00:00","method":"tools/list","request_id":66,"params_redacted":null,"result_class":"ok","latency_us":159}
{"timestamp":"2026-06-05T04:50:32.830526066+00:00","method":"tools/list","request_id":67,"params_redacted":null,"result_class":"ok","latency_us":155}
{"timestamp":"2026-06-05T04:50:32.838638802+00:00","method":"tools/list","request_id":68,"params_redacted":null,"result_class":"ok","latency_us":153}
{"timestamp":"2026-06-05T04:50:32.846750129+00:00","method":"tools/list","request_id":69,"params_redacted":null,"result_class":"ok","latency_us":163}
{"timestamp":"2026-06-05T04:50:32.854914062+00:00","method":"tools/list","request_id":70,"params_redacted":null,"result_class":"ok","latency_us":150}
{"timestamp":"2026-06-05T04:50:32.863064990+00:00","method":"tools/list","request_id":71,"params_redacted":null,"result_class":"ok","latency_us":141}
{"timestamp":"2026-06-05T04:50:32.871156508+00:00","method":"tools/list","request_id":72,"params_redacted":null,"result_class":"ok","latency_us":148}
{"timestamp":"2026-06-05T04:50:32.879230833+00:00","method":"tools/list","request_id":73,"params_redacted":null,"result_class":"ok","latency_us":146}
{"timestamp":"2026-06-05T04:50:32.887341491+00:00","method":"tools/list","request_id":74,"params_redacted":null,"result_class":"ok","latency_us":141}
{"timestamp":"2026-06-05T04:50:32.895502852+00:00","method":"tools/list","request_id":75,"params_redacted":null,"result_class":"ok","latency_us":194}
{"timestamp":"2026-06-05T04:50:32.903744828+00:00","method":"tools/list","request_id":76,"params_redacted":null,"result_class":"ok","latency_us":195}
{"timestamp":"2026-06-05T04:50:32.911981681+00:00","method":"tools/list","request_id":77,"params_redacted":null,"result_class":"ok","latency_us":179}
{"timestamp":"2026-06-05T04:50:32.920378223+00:00","method":"tools/list","request_id":78,"params_redacted":null,"result_class":"ok","latency_us":185}
{"timestamp":"2026-06-05T04:50:32.928677572+00:00","method":"tools/list","request_id":79,"params_redacted":null,"result_class":"ok","latency_us":182}
{"timestamp":"2026-06-05T04:50:32.937078614+00:00","method":"tools/list","request_id":80,"params_redacted":null,"result_class":"ok","latency_us":176}
{"timestamp":"2026-06-05T04:50:32.945318353+00:00","method":"tools/list","request_id":81,"params_redacted":null,"result_class":"ok","latency_us":168}
{"timestamp":"2026-06-05T04:50:32.953475770+00:00","method":"tools/list","request_id":82,"params_redacted":null,"result_class":"ok","latency_us":152}
{"timestamp":"2026-06-05T04:50:32.961741704+00:00","method":"tools/list","request_id":83,"params_redacted":null,"result_class":"ok","latency_us":151}
{"timestamp":"2026-06-05T04:50:32.969986268+00:00","method":"tools/list","request_id":84,"params_redacted":null,"result_class":"ok","latency_us":150}
{"timestamp":"2026-06-05T04:50:32.978212515+00:00","method":"tools/list","request_id":85,"params_redacted":null,"result_class":"ok","latency_us":150}
{"timestamp":"2026-06-05T04:50:32.986425877+00:00","method":"tools/list","request_id":86,"params_redacted":null,"result_class":"ok","latency_us":148}
{"timestamp":"2026-06-05T04:50:32.994659529+00:00","method":"tools/list","request_id":87,"params_redacted":null,"result_class":"ok","latency_us":160}
{"timestamp":"2026-06-05T04:50:33.003056823+00:00","method":"tools/list","request_id":88,"params_redacted":null,"result_class":"ok","latency_us":164}
{"timestamp":"2026-06-05T04:50:33.011324788+00:00","method":"tools/list","request_id":89,"params_redacted":null,"result_class":"ok","latency_us":167}
{"timestamp":"2026-06-05T04:50:33.019697699+00:00","method":"tools/list","request_id":90,"params_redacted":null,"result_class":"ok","latency_us":156}
{"timestamp":"2026-06-05T04:50:33.027882087+00:00","method":"tools/list","request_id":91,"params_redacted":null,"result_class":"ok","latency_us":169}
{"timestamp":"2026-06-05T04:50:33.036019622+00:00","method":"tools/list","request_id":92,"params_redacted":null,"result_class":"ok","latency_us":142}
{"timestamp":"2026-06-05T04:50:33.044244683+00:00","method":"tools/list","request_id":93,"params_redacted":null,"result_class":"ok","latency_us":157}
{"timestamp":"2026-06-05T04:50:33.052470975+00:00","method":"tools/list","request_id":94,"params_redacted":null,"result_class":"ok","latency_us":162}
{"timestamp":"2026-06-05T04:50:33.060665956+00:00","method":"tools/list","request_id":95,"params_redacted":null,"result_class":"ok","latency_us":166}
{"timestamp":"2026-06-05T04:50:33.068898978+00:00","method":"tools/list","request_id":96,"params_redacted":null,"result_class":"ok","latency_us":173}
{"timestamp":"2026-06-05T04:50:33.077049284+00:00","method":"tools/list","request_id":97,"params_redacted":null,"result_class":"ok","latency_us":158}
{"timestamp":"2026-06-05T04:50:33.085258681+00:00","method":"tools/list","request_id":98,"params_redacted":null,"result_class":"ok","latency_us":192}
{"timestamp":"2026-06-05T04:50:33.093395618+00:00","method":"tools/list","request_id":99,"params_redacted":null,"result_class":"ok","latency_us":183}
{"timestamp":"2026-06-05T04:50:33.101547676+00:00","method":"tools/list","request_id":100,"params_redacted":null,"result_class":"ok","latency_us":173}
